// Jest Snapshot v1, https://goo.gl/fbAQLP

exports[`<App /> should render a component 1`] = `
<main>
  <div />
</main>
`;
