// Jest Snapshot v1, https://goo.gl/fbAQLP

exports[`World component should render an h2 title 1`] = `
<div>
  <h2
    data-testid="h2 title"
  >
    Guess the flag
  </h2>
  <img
    alt="flag"
    src=""
    style="width: 400px; height: 200px;"
  />
  <div />
  <div />
</div>
`;
